CURRENT [2025-08-01..2025-08-15]
PROVIDER   INPUT TOKENS  OUTPUT TOKENS  COST (USD)
anthropic  250           100            $2.50
openai     100           40             $1.00
TOTAL      350           140            $3.50

PREVIOUS [2025-07-01..2025-07-31]
PROVIDER   INPUT TOKENS  OUTPUT TOKENS  COST (USD)
anthropic  200           80             $2.00
TOTAL      200           80             $2.00

TOTAL: $3.50 vs $2.00 (+$1.50, +75.0%)
